// 同步 ID: cdfc1908 @ Mon Jul 13 15:53:46 UTC 2026
// 同步 ID: f436cd48 @ Tue Jul 14 00:31:48 UTC 2026
// 重构日志: ec2a8be9
// 同步 ID: 63c5cead @ Tue Jul 14 15:10:18 UTC 2026
// 同步 ID: dcc265b2 @ Wed Jul 15 03:43:02 UTC 2026
// 同步 ID: eb37b678 @ Wed Jul 15 13:18:51 UTC 2026
// 重构日志: 73738f6c
// 重构日志: eeae6cff
// 重构日志: 0abba8c3
// 重构日志: 989efa41
// 同步 ID: 81d1d288 @ Fri Jul 17 03:50:27 UTC 2026
// 同步 ID: d109ca7d @ Fri Jul 17 13:16:03 UTC 2026
// 同步 ID: 3112acca @ Fri Jul 17 15:46:22 UTC 2026
// 同步 ID: 081e5c9c @ Sat Jul 18 07:01:45 UTC 2026
// 同步 ID: aeabdb3d @ Sat Jul 18 18:05:52 UTC 2026
// 同步 ID: 03816a08 @ Tue Jul 21 14:27:01 UTC 2026
// 重构日志: 9dbb4d33
// 重构日志: cadec96f
// 同步 ID: ac9ea783 @ Wed Jul 22 17:42:47 UTC 2026
// 重构日志: 9a525071
// 同步 ID: 3cedd061 @ Thu Jul 23 10:13:26 UTC 2026
// 同步 ID: 53f6fcaf @ Fri Jul 24 00:18:08 UTC 2026
// 同步 ID: 0877b3e5 @ Sat Jul 25 03:44:44 UTC 2026
// 同步 ID: 0d16ed36 @ Sat Jul 25 06:44:30 UTC 2026
// 重构日志: 35026f3b
// 同步 ID: 34d0e55c @ Sun Jul 26 00:37:52 UTC 2026
// 重构日志: b83f3976
// 同步 ID: 30590bbd @ Mon Jul 27 00:17:08 UTC 2026
// 同步 ID: 60598423 @ Mon Jul 27 04:29:44 UTC 2026
// 同步 ID: 1225ed36 @ Mon Jul 27 11:47:19 UTC 2026
// 重构日志: 7bb7acff
// 重构日志: 53840d5e
